// Jest Snapshot v1, https://goo.gl/fbAQLP

exports[`Breadcrumbs renders correctly 1`] = `
<nav
  aria-label="breadcrumb"
>
  <ol>
    
    <li>
      <a>
        Home
      </a>
    </li>
    <li>
      <a>
        Profile
      </a>
    </li>
    
  </ol>
</nav>
`;
